14:28:23 **** Build of configuration Debug for project LAB0 ****
make -j12 all 
arm-none-eabi-gcc "../Drivers/STM32F7xx_HAL_Driver/Src/stm32f7xx_hal.c" -mcpu=cortex-m7 -std=gnu11 -g3 -DDEBUG -DUSE_HAL_DRIVER -DSTM32F767xx -c -I../Core/Inc -I../Drivers/STM32F7xx_HAL_Driver/Inc -I../Drivers/STM32F7xx_HAL_Driver/Inc/Legacy -I../Drivers/CMSIS/Device/ST/STM32F7xx/Include -I../Drivers/CMSIS/Include -O0 -ffunction-sections -fdata-sections -Wall -fstack-usage -MMD -MP -MF"Drivers/STM32F7xx_HAL_Driver/Src/stm32f7xx_hal.d" -MT"Drivers/STM32F7xx_HAL_Driver/Src/stm32f7xx_hal.o" --specs=nano.specs -mfpu=fpv5-d16 -mfloat-abi=hard -mthumb -o "Drivers/STM32F7xx_HAL_Driver/Src/stm32f7xx_hal.o"
arm-none-eabi-gcc "../Drivers/STM32F7xx_HAL_Driver/Src/stm32f7xx_hal_cortex.c" -mcpu=cortex-m7 -std=gnu11 -g3 -DDEBUG -DUSE_HAL_DRIVER -DSTM32F767xx -c -I../Core/Inc -I../Drivers/STM32F7xx_HAL_Driver/Inc -I../Drivers/STM32F7xx_HAL_Driver/Inc/Legacy -I../Drivers/CMSIS/Device/ST/STM32F7xx/Include -I../Drivers/CMSIS/Include -O0 -ffunction-sections -fdata-sections -Wall -fstack-usage -MMD -MP -MF"Drivers/STM32F7xx_HAL_Driver/Src/stm32f7xx_hal_cortex.d" -MT"Drivers/STM32F7xx_HAL_Driver/Src/stm32f7xx_hal_cortex.o" --specs=nano.specs -mfpu=fpv5-d16 -mfloat-abi=hard -mthumb -o "Drivers/STM32F7xx_HAL_Driver/Src/stm32f7xx_hal_cortex.o"
arm-none-eabi-gcc "../Drivers/STM32F7xx_HAL_Driver/Src/stm32f7xx_hal_dma.c" -mcpu=cortex-m7 -std=gnu11 -g3 -DDEBUG -DUSE_HAL_DRIVER -DSTM32F767xx -c -I../Core/Inc -I../Drivers/STM32F7xx_HAL_Driver/Inc -I../Drivers/STM32F7xx_HAL_Driver/Inc/Legacy -I../Drivers/CMSIS/Device/ST/STM32F7xx/Include -I../Drivers/CMSIS/Include -O0 -ffunction-sections -fdata-sections -Wall -fstack-usage -MMD -MP -MF"Drivers/STM32F7xx_HAL_Driver/Src/stm32f7xx_hal_dma.d" -MT"Drivers/STM32F7xx_HAL_Driver/Src/stm32f7xx_hal_dma.o" --specs=nano.specs -mfpu=fpv5-d16 -mfloat-abi=hard -mthumb -o "Drivers/STM32F7xx_HAL_Driver/Src/stm32f7xx_hal_dma.o"
arm-none-eabi-gcc "../Drivers/STM32F7xx_HAL_Driver/Src/stm32f7xx_hal_dma_ex.c" -mcpu=cortex-m7 -std=gnu11 -g3 -DDEBUG -DUSE_HAL_DRIVER -DSTM32F767xx -c -I../Core/Inc -I../Drivers/STM32F7xx_HAL_Driver/Inc -I../Drivers/STM32F7xx_HAL_Driver/Inc/Legacy -I../Drivers/CMSIS/Device/ST/STM32F7xx/Include -I../Drivers/CMSIS/Include -O0 -ffunction-sections -fdata-sections -Wall -fstack-usage -MMD -MP -MF"Drivers/STM32F7xx_HAL_Driver/Src/stm32f7xx_hal_dma_ex.d" -MT"Drivers/STM32F7xx_HAL_Driver/Src/stm32f7xx_hal_dma_ex.o" --specs=nano.specs -mfpu=fpv5-d16 -mfloat-abi=hard -mthumb -o "Drivers/STM32F7xx_HAL_Driver/Src/stm32f7xx_hal_dma_ex.o"
arm-none-eabi-gcc "../Drivers/STM32F7xx_HAL_Driver/Src/stm32f7xx_hal_exti.c" -mcpu=cortex-m7 -std=gnu11 -g3 -DDEBUG -DUSE_HAL_DRIVER -DSTM32F767xx -c -I../Core/Inc -I../Drivers/STM32F7xx_HAL_Driver/Inc -I../Drivers/STM32F7xx_HAL_Driver/Inc/Legacy -I../Drivers/CMSIS/Device/ST/STM32F7xx/Include -I../Drivers/CMSIS/Include -O0 -ffunction-sections -fdata-sections -Wall -fstack-usage -MMD -MP -MF"Drivers/STM32F7xx_HAL_Driver/Src/stm32f7xx_hal_exti.d" -MT"Drivers/STM32F7xx_HAL_Driver/Src/stm32f7xx_hal_exti.o" --specs=nano.specs -mfpu=fpv5-d16 -mfloat-abi=hard -mthumb -o "Drivers/STM32F7xx_HAL_Driver/Src/stm32f7xx_hal_exti.o"
arm-none-eabi-gcc "../Drivers/STM32F7xx_HAL_Driver/Src/stm32f7xx_hal_flash.c" -mcpu=cortex-m7 -std=gnu11 -g3 -DDEBUG -DUSE_HAL_DRIVER -DSTM32F767xx -c -I../Core/Inc -I../Drivers/STM32F7xx_HAL_Driver/Inc -I../Drivers/STM32F7xx_HAL_Driver/Inc/Legacy -I../Drivers/CMSIS/Device/ST/STM32F7xx/Include -I../Drivers/CMSIS/Include -O0 -ffunction-sections -fdata-sections -Wall -fstack-usage -MMD -MP -MF"Drivers/STM32F7xx_HAL_Driver/Src/stm32f7xx_hal_flash.d" -MT"Drivers/STM32F7xx_HAL_Driver/Src/stm32f7xx_hal_flash.o" --specs=nano.specs -mfpu=fpv5-d16 -mfloat-abi=hard -mthumb -o "Drivers/STM32F7xx_HAL_Driver/Src/stm32f7xx_hal_flash.o"
arm-none-eabi-gcc "../Drivers/STM32F7xx_HAL_Driver/Src/stm32f7xx_hal_flash_ex.c" -mcpu=cortex-m7 -std=gnu11 -g3 -DDEBUG -DUSE_HAL_DRIVER -DSTM32F767xx -c -I../Core/Inc -I../Drivers/STM32F7xx_HAL_Driver/Inc -I../Drivers/STM32F7xx_HAL_Driver/Inc/Legacy -I../Drivers/CMSIS/Device/ST/STM32F7xx/Include -I../Drivers/CMSIS/Include -O0 -ffunction-sections -fdata-sections -Wall -fstack-usage -MMD -MP -MF"Drivers/STM32F7xx_HAL_Driver/Src/stm32f7xx_hal_flash_ex.d" -MT"Drivers/STM32F7xx_HAL_Driver/Src/stm32f7xx_hal_flash_ex.o" --specs=nano.specs -mfpu=fpv5-d16 -mfloat-abi=hard -mthumb -o "Drivers/STM32F7xx_HAL_Driver/Src/stm32f7xx_hal_flash_ex.o"
arm-none-eabi-gcc "../Drivers/STM32F7xx_HAL_Driver/Src/stm32f7xx_hal_gpio.c" -mcpu=cortex-m7 -std=gnu11 -g3 -DDEBUG -DUSE_HAL_DRIVER -DSTM32F767xx -c -I../Core/Inc -I../Drivers/STM32F7xx_HAL_Driver/Inc -I../Drivers/STM32F7xx_HAL_Driver/Inc/Legacy -I../Drivers/CMSIS/Device/ST/STM32F7xx/Include -I../Drivers/CMSIS/Include -O0 -ffunction-sections -fdata-sections -Wall -fstack-usage -MMD -MP -MF"Drivers/STM32F7xx_HAL_Driver/Src/stm32f7xx_hal_gpio.d" -MT"Drivers/STM32F7xx_HAL_Driver/Src/stm32f7xx_hal_gpio.o" --specs=nano.specs -mfpu=fpv5-d16 -mfloat-abi=hard -mthumb -o "Drivers/STM32F7xx_HAL_Driver/Src/stm32f7xx_hal_gpio.o"
arm-none-eabi-gcc "../Drivers/STM32F7xx_HAL_Driver/Src/stm32f7xx_hal_i2c.c" -mcpu=cortex-m7 -std=gnu11 -g3 -DDEBUG -DUSE_HAL_DRIVER -DSTM32F767xx -c -I../Core/Inc -I../Drivers/STM32F7xx_HAL_Driver/Inc -I../Drivers/STM32F7xx_HAL_Driver/Inc/Legacy -I../Drivers/CMSIS/Device/ST/STM32F7xx/Include -I../Drivers/CMSIS/Include -O0 -ffunction-sections -fdata-sections -Wall -fstack-usage -MMD -MP -MF"Drivers/STM32F7xx_HAL_Driver/Src/stm32f7xx_hal_i2c.d" -MT"Drivers/STM32F7xx_HAL_Driver/Src/stm32f7xx_hal_i2c.o" --specs=nano.specs -mfpu=fpv5-d16 -mfloat-abi=hard -mthumb -o "Drivers/STM32F7xx_HAL_Driver/Src/stm32f7xx_hal_i2c.o"
arm-none-eabi-gcc "../Drivers/STM32F7xx_HAL_Driver/Src/stm32f7xx_hal_i2c_ex.c" -mcpu=cortex-m7 -std=gnu11 -g3 -DDEBUG -DUSE_HAL_DRIVER -DSTM32F767xx -c -I../Core/Inc -I../Drivers/STM32F7xx_HAL_Driver/Inc -I../Drivers/STM32F7xx_HAL_Driver/Inc/Legacy -I../Drivers/CMSIS/Device/ST/STM32F7xx/Include -I../Drivers/CMSIS/Include -O0 -ffunction-sections -fdata-sections -Wall -fstack-usage -MMD -MP -MF"Drivers/STM32F7xx_HAL_Driver/Src/stm32f7xx_hal_i2c_ex.d" -MT"Drivers/STM32F7xx_HAL_Driver/Src/stm32f7xx_hal_i2c_ex.o" --specs=nano.specs -mfpu=fpv5-d16 -mfloat-abi=hard -mthumb -o "Drivers/STM32F7xx_HAL_Driver/Src/stm32f7xx_hal_i2c_ex.o"
arm-none-eabi-gcc "../Drivers/STM32F7xx_HAL_Driver/Src/stm32f7xx_hal_pwr.c" -mcpu=cortex-m7 -std=gnu11 -g3 -DDEBUG -DUSE_HAL_DRIVER -DSTM32F767xx -c -I../Core/Inc -I../Drivers/STM32F7xx_HAL_Driver/Inc -I../Drivers/STM32F7xx_HAL_Driver/Inc/Legacy -I../Drivers/CMSIS/Device/ST/STM32F7xx/Include -I../Drivers/CMSIS/Include -O0 -ffunction-sections -fdata-sections -Wall -fstack-usage -MMD -MP -MF"Drivers/STM32F7xx_HAL_Driver/Src/stm32f7xx_hal_pwr.d" -MT"Drivers/STM32F7xx_HAL_Driver/Src/stm32f7xx_hal_pwr.o" --specs=nano.specs -mfpu=fpv5-d16 -mfloat-abi=hard -mthumb -o "Drivers/STM32F7xx_HAL_Driver/Src/stm32f7xx_hal_pwr.o"
arm-none-eabi-gcc "../Drivers/STM32F7xx_HAL_Driver/Src/stm32f7xx_hal_pwr_ex.c" -mcpu=cortex-m7 -std=gnu11 -g3 -DDEBUG -DUSE_HAL_DRIVER -DSTM32F767xx -c -I../Core/Inc -I../Drivers/STM32F7xx_HAL_Driver/Inc -I../Drivers/STM32F7xx_HAL_Driver/Inc/Legacy -I../Drivers/CMSIS/Device/ST/STM32F7xx/Include -I../Drivers/CMSIS/Include -O0 -ffunction-sections -fdata-sections -Wall -fstack-usage -MMD -MP -MF"Drivers/STM32F7xx_HAL_Driver/Src/stm32f7xx_hal_pwr_ex.d" -MT"Drivers/STM32F7xx_HAL_Driver/Src/stm32f7xx_hal_pwr_ex.o" --specs=nano.specs -mfpu=fpv5-d16 -mfloat-abi=hard -mthumb -o "Drivers/STM32F7xx_HAL_Driver/Src/stm32f7xx_hal_pwr_ex.o"
arm-none-eabi-gcc "../Drivers/STM32F7xx_HAL_Driver/Src/stm32f7xx_hal_rcc.c" -mcpu=cortex-m7 -std=gnu11 -g3 -DDEBUG -DUSE_HAL_DRIVER -DSTM32F767xx -c -I../Core/Inc -I../Drivers/STM32F7xx_HAL_Driver/Inc -I../Drivers/STM32F7xx_HAL_Driver/Inc/Legacy -I../Drivers/CMSIS/Device/ST/STM32F7xx/Include -I../Drivers/CMSIS/Include -O0 -ffunction-sections -fdata-sections -Wall -fstack-usage -MMD -MP -MF"Drivers/STM32F7xx_HAL_Driver/Src/stm32f7xx_hal_rcc.d" -MT"Drivers/STM32F7xx_HAL_Driver/Src/stm32f7xx_hal_rcc.o" --specs=nano.specs -mfpu=fpv5-d16 -mfloat-abi=hard -mthumb -o "Drivers/STM32F7xx_HAL_Driver/Src/stm32f7xx_hal_rcc.o"
arm-none-eabi-gcc "../Drivers/STM32F7xx_HAL_Driver/Src/stm32f7xx_hal_rcc_ex.c" -mcpu=cortex-m7 -std=gnu11 -g3 -DDEBUG -DUSE_HAL_DRIVER -DSTM32F767xx -c -I../Core/Inc -I../Drivers/STM32F7xx_HAL_Driver/Inc -I../Drivers/STM32F7xx_HAL_Driver/Inc/Legacy -I../Drivers/CMSIS/Device/ST/STM32F7xx/Include -I../Drivers/CMSIS/Include -O0 -ffunction-sections -fdata-sections -Wall -fstack-usage -MMD -MP -MF"Drivers/STM32F7xx_HAL_Driver/Src/stm32f7xx_hal_rcc_ex.d" -MT"Drivers/STM32F7xx_HAL_Driver/Src/stm32f7xx_hal_rcc_ex.o" --specs=nano.specs -mfpu=fpv5-d16 -mfloat-abi=hard -mthumb -o "Drivers/STM32F7xx_HAL_Driver/Src/stm32f7xx_hal_rcc_ex.o"
arm-none-eabi-gcc -mcpu=cortex-m7 -g3 -DDEBUG -c -x assembler-with-cpp -MMD -MP -MF"Core/Startup/startup_stm32f767zitx.d" -MT"Core/Startup/startup_stm32f767zitx.o" --specs=nano.specs -mfpu=fpv5-d16 -mfloat-abi=hard -mthumb -o "Core/Startup/startup_stm32f767zitx.o" "../Core/Startup/startup_stm32f767zitx.s"
arm-none-eabi-gcc "../Core/Src/gpio.c" -mcpu=cortex-m7 -std=gnu11 -g3 -DDEBUG -DUSE_HAL_DRIVER -DSTM32F767xx -c -I../Core/Inc -I../Drivers/STM32F7xx_HAL_Driver/Inc -I../Drivers/STM32F7xx_HAL_Driver/Inc/Legacy -I../Drivers/CMSIS/Device/ST/STM32F7xx/Include -I../Drivers/CMSIS/Include -O0 -ffunction-sections -fdata-sections -Wall -fstack-usage -MMD -MP -MF"Core/Src/gpio.d" -MT"Core/Src/gpio.o" --specs=nano.specs -mfpu=fpv5-d16 -mfloat-abi=hard -mthumb -o "Core/Src/gpio.o"
arm-none-eabi-gcc "../Core/Src/main.c" -mcpu=cortex-m7 -std=gnu11 -g3 -DDEBUG -DUSE_HAL_DRIVER -DSTM32F767xx -c -I../Core/Inc -I../Drivers/STM32F7xx_HAL_Driver/Inc -I../Drivers/STM32F7xx_HAL_Driver/Inc/Legacy -I../Drivers/CMSIS/Device/ST/STM32F7xx/Include -I../Drivers/CMSIS/Include -O0 -ffunction-sections -fdata-sections -Wall -fstack-usage -MMD -MP -MF"Core/Src/main.d" -MT"Core/Src/main.o" --specs=nano.specs -mfpu=fpv5-d16 -mfloat-abi=hard -mthumb -o "Core/Src/main.o"
arm-none-eabi-gcc "../Core/Src/stm32f7xx_hal_msp.c" -mcpu=cortex-m7 -std=gnu11 -g3 -DDEBUG -DUSE_HAL_DRIVER -DSTM32F767xx -c -I../Core/Inc -I../Drivers/STM32F7xx_HAL_Driver/Inc -I../Drivers/STM32F7xx_HAL_Driver/Inc/Legacy -I../Drivers/CMSIS/Device/ST/STM32F7xx/Include -I../Drivers/CMSIS/Include -O0 -ffunction-sections -fdata-sections -Wall -fstack-usage -MMD -MP -MF"Core/Src/stm32f7xx_hal_msp.d" -MT"Core/Src/stm32f7xx_hal_msp.o" --specs=nano.specs -mfpu=fpv5-d16 -mfloat-abi=hard -mthumb -o "Core/Src/stm32f7xx_hal_msp.o"
arm-none-eabi-gcc "../Core/Src/stm32f7xx_it.c" -mcpu=cortex-m7 -std=gnu11 -g3 -DDEBUG -DUSE_HAL_DRIVER -DSTM32F767xx -c -I../Core/Inc -I../Drivers/STM32F7xx_HAL_Driver/Inc -I../Drivers/STM32F7xx_HAL_Driver/Inc/Legacy -I../Drivers/CMSIS/Device/ST/STM32F7xx/Include -I../Drivers/CMSIS/Include -O0 -ffunction-sections -fdata-sections -Wall -fstack-usage -MMD -MP -MF"Core/Src/stm32f7xx_it.d" -MT"Core/Src/stm32f7xx_it.o" --specs=nano.specs -mfpu=fpv5-d16 -mfloat-abi=hard -mthumb -o "Core/Src/stm32f7xx_it.o"
arm-none-eabi-gcc "../Core/Src/syscalls.c" -mcpu=cortex-m7 -std=gnu11 -g3 -DDEBUG -DUSE_HAL_DRIVER -DSTM32F767xx -c -I../Core/Inc -I../Drivers/STM32F7xx_HAL_Driver/Inc -I../Drivers/STM32F7xx_HAL_Driver/Inc/Legacy -I../Drivers/CMSIS/Device/ST/STM32F7xx/Include -I../Drivers/CMSIS/Include -O0 -ffunction-sections -fdata-sections -Wall -fstack-usage -MMD -MP -MF"Core/Src/syscalls.d" -MT"Core/Src/syscalls.o" --specs=nano.specs -mfpu=fpv5-d16 -mfloat-abi=hard -mthumb -o "Core/Src/syscalls.o"
arm-none-eabi-gcc "../Core/Src/sysmem.c" -mcpu=cortex-m7 -std=gnu11 -g3 -DDEBUG -DUSE_HAL_DRIVER -DSTM32F767xx -c -I../Core/Inc -I../Drivers/STM32F7xx_HAL_Driver/Inc -I../Drivers/STM32F7xx_HAL_Driver/Inc/Legacy -I../Drivers/CMSIS/Device/ST/STM32F7xx/Include -I../Drivers/CMSIS/Include -O0 -ffunction-sections -fdata-sections -Wall -fstack-usage -MMD -MP -MF"Core/Src/sysmem.d" -MT"Core/Src/sysmem.o" --specs=nano.specs -mfpu=fpv5-d16 -mfloat-abi=hard -mthumb -o "Core/Src/sysmem.o"
arm-none-eabi-gcc "../Core/Src/system_stm32f7xx.c" -mcpu=cortex-m7 -std=gnu11 -g3 -DDEBUG -DUSE_HAL_DRIVER -DSTM32F767xx -c -I../Core/Inc -I../Drivers/STM32F7xx_HAL_Driver/Inc -I../Drivers/STM32F7xx_HAL_Driver/Inc/Legacy -I../Drivers/CMSIS/Device/ST/STM32F7xx/Include -I../Drivers/CMSIS/Include -O0 -ffunction-sections -fdata-sections -Wall -fstack-usage -MMD -MP -MF"Core/Src/system_stm32f7xx.d" -MT"Core/Src/system_stm32f7xx.o" --specs=nano.specs -mfpu=fpv5-d16 -mfloat-abi=hard -mthumb -o "Core/Src/system_stm32f7xx.o"
arm-none-eabi-gcc -o "LAB0.elf" @"objects.list"   -mcpu=cortex-m7 -T"E:\MAD_Lab\Microcontroller\LAB0\STM32F767ZITX_FLASH.ld" --specs=nosys.specs -Wl,-Map="LAB0.map" -Wl,--gc-sections -static --specs=nano.specs -mfpu=fpv5-d16 -mfloat-abi=hard -mthumb -Wl,--start-group -lc -lm -Wl,--end-group
Finished building target: LAB0.elf
 
arm-none-eabi-size   LAB0.elf 
arm-none-eabi-objdump -h -S  LAB0.elf  > "LAB0.list"
   text	   data	    bss	    dec	    hex	filename
   6504	     20	   1572	   8096	   1fa0	LAB0.elf
Finished building: default.size.stdout
 
Finished building: LAB0.list
 
14:28:45 **** Incremental Build of configuration Debug for project LAB0 ****
make -j12 all 
arm-none-eabi-size   LAB0.elf 
   text	   data	    bss	    dec	    hex	filename
   6504	     20	   1572	   8096	   1fa0	LAB0.elf
Finished building: default.size.stdout
 
14:33:47 **** Incremental Build of configuration Debug for project LAB0 ****
make -j12 all 
arm-none-eabi-gcc "../Core/Src/main.c" -mcpu=cortex-m7 -std=gnu11 -g3 -DDEBUG -DUSE_HAL_DRIVER -DSTM32F767xx -c -I../Core/Inc -I../Drivers/STM32F7xx_HAL_Driver/Inc -I../Drivers/STM32F7xx_HAL_Driver/Inc/Legacy -I../Drivers/CMSIS/Device/ST/STM32F7xx/Include -I../Drivers/CMSIS/Include -O0 -ffunction-sections -fdata-sections -Wall -fstack-usage -MMD -MP -MF"Core/Src/main.d" -MT"Core/Src/main.o" --specs=nano.specs -mfpu=fpv5-d16 -mfloat-abi=hard -mthumb -o "Core/Src/main.o"
arm-none-eabi-gcc -o "LAB0.elf" @"objects.list"   -mcpu=cortex-m7 -T"E:\MAD_Lab\Microcontroller\LAB0\STM32F767ZITX_FLASH.ld" --specs=nosys.specs -Wl,-Map="LAB0.map" -Wl,--gc-sections -static --specs=nano.specs -mfpu=fpv5-d16 -mfloat-abi=hard -mthumb -Wl,--start-group -lc -lm -Wl,--end-group
Finished building target: LAB0.elf
 
arm-none-eabi-size   LAB0.elf 
arm-none-eabi-objdump -h -S  LAB0.elf  > "LAB0.list"
   text	   data	    bss	    dec	    hex	filename
   6504	     20	   1572	   8096	   1fa0	LAB0.elf
Finished building: default.size.stdout
 
Finished building: LAB0.list
 
14:37:47 **** Incremental Build of configuration Debug for project LAB0 ****
make -j12 all 
arm-none-eabi-gcc "../Core/Src/gpio.c" -mcpu=cortex-m7 -std=gnu11 -g3 -DDEBUG -DUSE_HAL_DRIVER -DSTM32F767xx -c -I../Core/Inc -I../Drivers/STM32F7xx_HAL_Driver/Inc -I../Drivers/STM32F7xx_HAL_Driver/Inc/Legacy -I../Drivers/CMSIS/Device/ST/STM32F7xx/Include -I../Drivers/CMSIS/Include -O0 -ffunction-sections -fdata-sections -Wall -fstack-usage -MMD -MP -MF"Core/Src/gpio.d" -MT"Core/Src/gpio.o" --specs=nano.specs -mfpu=fpv5-d16 -mfloat-abi=hard -mthumb -o "Core/Src/gpio.o"
arm-none-eabi-gcc "../Core/Src/main.c" -mcpu=cortex-m7 -std=gnu11 -g3 -DDEBUG -DUSE_HAL_DRIVER -DSTM32F767xx -c -I../Core/Inc -I../Drivers/STM32F7xx_HAL_Driver/Inc -I../Drivers/STM32F7xx_HAL_Driver/Inc/Legacy -I../Drivers/CMSIS/Device/ST/STM32F7xx/Include -I../Drivers/CMSIS/Include -O0 -ffunction-sections -fdata-sections -Wall -fstack-usage -MMD -MP -MF"Core/Src/main.d" -MT"Core/Src/main.o" --specs=nano.specs -mfpu=fpv5-d16 -mfloat-abi=hard -mthumb -o "Core/Src/main.o"
arm-none-eabi-gcc -o "LAB0.elf" @"objects.list"   -mcpu=cortex-m7 -T"E:\MAD_Lab\Microcontroller\LAB0\STM32F767ZITX_FLASH.ld" --specs=nosys.specs -Wl,-Map="LAB0.map" -Wl,--gc-sections -static --specs=nano.specs -mfpu=fpv5-d16 -mfloat-abi=hard -mthumb -Wl,--start-group -lc -lm -Wl,--end-group
Finished building target: LAB0.elf
 
arm-none-eabi-size   LAB0.elf 
arm-none-eabi-objdump -h -S  LAB0.elf  > "LAB0.list"
   text	   data	    bss	    dec	    hex	filename
   6504	     20	   1572	   8096	   1fa0	LAB0.elf
Finished building: default.size.stdout
 
Finished building: LAB0.list
 
14:38:04 **** Incremental Build of configuration Debug for project LAB0 ****
make -j12 all 
arm-none-eabi-size   LAB0.elf 
   text	   data	    bss	    dec	    hex	filename
   6504	     20	   1572	   8096	   1fa0	LAB0.elf
Finished building: default.size.stdout
 
14:39:15 **** Incremental Build of configuration Debug for project LAB0 ****
make -j12 all 
arm-none-eabi-size   LAB0.elf 
   text	   data	    bss	    dec	    hex	filename
   6504	     20	   1572	   8096	   1fa0	LAB0.elf
Finished building: default.size.stdout
 
14:39:34 **** Incremental Build of configuration Debug for project LAB0 ****
make -j12 all 
arm-none-eabi-size   LAB0.elf 
   text	   data	    bss	    dec	    hex	filename
   6504	     20	   1572	   8096	   1fa0	LAB0.elf
Finished building: default.size.stdout
 
14:40:21 **** Incremental Build of configuration Debug for project LAB0 ****
make -j12 all 
arm-none-eabi-gcc "../Core/Src/main.c" -mcpu=cortex-m7 -std=gnu11 -g3 -DDEBUG -DUSE_HAL_DRIVER -DSTM32F767xx -c -I../Core/Inc -I../Drivers/STM32F7xx_HAL_Driver/Inc -I../Drivers/STM32F7xx_HAL_Driver/Inc/Legacy -I../Drivers/CMSIS/Device/ST/STM32F7xx/Include -I../Drivers/CMSIS/Include -O0 -ffunction-sections -fdata-sections -Wall -fstack-usage -MMD -MP -MF"Core/Src/main.d" -MT"Core/Src/main.o" --specs=nano.specs -mfpu=fpv5-d16 -mfloat-abi=hard -mthumb -o "Core/Src/main.o"
../Core/Src/main.c: In function 'SystemClock_Config':
../Core/Src/main.c:120:5: warning: statement with no effect [-Wunused-value]
  120 |   */111
      |     ^~~
../Core/Src/main.c:120:8: error: expected ';' before 'do'
  120 |   */111
      |        ^
      |        ;
make: *** [Core/Src/subdir.mk:37: Core/Src/main.o] Error 1
"make -j12 all" terminated with exit code 2. Build might be incomplete.
14:40:41 **** Incremental Build of configuration Debug for project LAB0 ****
make -j12 all 
arm-none-eabi-gcc "../Core/Src/main.c" -mcpu=cortex-m7 -std=gnu11 -g3 -DDEBUG -DUSE_HAL_DRIVER -DSTM32F767xx -c -I../Core/Inc -I../Drivers/STM32F7xx_HAL_Driver/Inc -I../Drivers/STM32F7xx_HAL_Driver/Inc/Legacy -I../Drivers/CMSIS/Device/ST/STM32F7xx/Include -I../Drivers/CMSIS/Include -O0 -ffunction-sections -fdata-sections -Wall -fstack-usage -MMD -MP -MF"Core/Src/main.d" -MT"Core/Src/main.o" --specs=nano.specs -mfpu=fpv5-d16 -mfloat-abi=hard -mthumb -o "Core/Src/main.o"
arm-none-eabi-gcc -o "LAB0.elf" @"objects.list"   -mcpu=cortex-m7 -T"E:\MAD_Lab\Microcontroller\LAB0\STM32F767ZITX_FLASH.ld" --specs=nosys.specs -Wl,-Map="LAB0.map" -Wl,--gc-sections -static --specs=nano.specs -mfpu=fpv5-d16 -mfloat-abi=hard -mthumb -Wl,--start-group -lc -lm -Wl,--end-group
Finished building target: LAB0.elf
 
arm-none-eabi-size   LAB0.elf 
arm-none-eabi-objdump -h -S  LAB0.elf  > "LAB0.list"
   text	   data	    bss	    dec	    hex	filename
   6504	     20	   1572	   8096	   1fa0	LAB0.elf
Finished building: default.size.stdout
 
Finished building: LAB0.list
 
14:40:50 **** Incremental Build of configuration Debug for project LAB0 ****
make -j12 all 
arm-none-eabi-size   LAB0.elf 
   text	   data	    bss	    dec	    hex	filename
   6504	     20	   1572	   8096	   1fa0	LAB0.elf
Finished building: default.size.stdout
 
14:41:24 **** Incremental Build of configuration Debug for project LAB0 ****
make -j12 all 
arm-none-eabi-gcc "../Core/Src/main.c" -mcpu=cortex-m7 -std=gnu11 -g3 -DDEBUG -DUSE_HAL_DRIVER -DSTM32F767xx -c -I../Core/Inc -I../Drivers/STM32F7xx_HAL_Driver/Inc -I../Drivers/STM32F7xx_HAL_Driver/Inc/Legacy -I../Drivers/CMSIS/Device/ST/STM32F7xx/Include -I../Drivers/CMSIS/Include -O0 -ffunction-sections -fdata-sections -Wall -fstack-usage -MMD -MP -MF"Core/Src/main.d" -MT"Core/Src/main.o" --specs=nano.specs -mfpu=fpv5-d16 -mfloat-abi=hard -mthumb -o "Core/Src/main.o"
arm-none-eabi-gcc -o "LAB0.elf" @"objects.list"   -mcpu=cortex-m7 -T"E:\MAD_Lab\Microcontroller\LAB0\STM32F767ZITX_FLASH.ld" --specs=nosys.specs -Wl,-Map="LAB0.map" -Wl,--gc-sections -static --specs=nano.specs -mfpu=fpv5-d16 -mfloat-abi=hard -mthumb -Wl,--start-group -lc -lm -Wl,--end-group
Finished building target: LAB0.elf
 
arm-none-eabi-size   LAB0.elf 
arm-none-eabi-objdump -h -S  LAB0.elf  > "LAB0.list"
   text	   data	    bss	    dec	    hex	filename
   6504	     20	   1572	   8096	   1fa0	LAB0.elf
Finished building: default.size.stdout
 
Finished building: LAB0.list
 
14:41:29 **** Incremental Build of configuration Debug for project LAB0 ****
make -j12 all 
arm-none-eabi-size   LAB0.elf 
   text	   data	    bss	    dec	    hex	filename
   6504	     20	   1572	   8096	   1fa0	LAB0.elf
Finished building: default.size.stdout
 
14:41:54 **** Incremental Build of configuration Debug for project LAB0 ****
make -j12 all 
arm-none-eabi-gcc "../Core/Src/main.c" -mcpu=cortex-m7 -std=gnu11 -g3 -DDEBUG -DUSE_HAL_DRIVER -DSTM32F767xx -c -I../Core/Inc -I../Drivers/STM32F7xx_HAL_Driver/Inc -I../Drivers/STM32F7xx_HAL_Driver/Inc/Legacy -I../Drivers/CMSIS/Device/ST/STM32F7xx/Include -I../Drivers/CMSIS/Include -O0 -ffunction-sections -fdata-sections -Wall -fstack-usage -MMD -MP -MF"Core/Src/main.d" -MT"Core/Src/main.o" --specs=nano.specs -mfpu=fpv5-d16 -mfloat-abi=hard -mthumb -o "Core/Src/main.o"
arm-none-eabi-gcc -o "LAB0.elf" @"objects.list"   -mcpu=cortex-m7 -T"E:\MAD_Lab\Microcontroller\LAB0\STM32F767ZITX_FLASH.ld" --specs=nosys.specs -Wl,-Map="LAB0.map" -Wl,--gc-sections -static --specs=nano.specs -mfpu=fpv5-d16 -mfloat-abi=hard -mthumb -Wl,--start-group -lc -lm -Wl,--end-group
c:\st\stm32cubeide_1.11.0\stm32cubeide\plugins\com.st.stm32cube.ide.mcu.externaltools.gnu-tools-for-stm32.10.3-2021.10.win32_1.0.100.202210260954\tools\arm-none-eabi\bin\ld.exe: cannot open output file LAB0.elf: Invalid argument
collect2.exe: error: ld returned 1 exit status
make: *** [makefile:64: LAB0.elf] Error 1
"make -j12 all" terminated with exit code 2. Build might be incomplete.
14:42:06 **** Incremental Build of configuration Debug for project LAB0 ****
make -j12 all 
arm-none-eabi-gcc "../Core/Src/main.c" -mcpu=cortex-m7 -std=gnu11 -g3 -DDEBUG -DUSE_HAL_DRIVER -DSTM32F767xx -c -I../Core/Inc -I../Drivers/STM32F7xx_HAL_Driver/Inc -I../Drivers/STM32F7xx_HAL_Driver/Inc/Legacy -I../Drivers/CMSIS/Device/ST/STM32F7xx/Include -I../Drivers/CMSIS/Include -O0 -ffunction-sections -fdata-sections -Wall -fstack-usage -MMD -MP -MF"Core/Src/main.d" -MT"Core/Src/main.o" --specs=nano.specs -mfpu=fpv5-d16 -mfloat-abi=hard -mthumb -o "Core/Src/main.o"
arm-none-eabi-gcc -o "LAB0.elf" @"objects.list"   -mcpu=cortex-m7 -T"E:\MAD_Lab\Microcontroller\LAB0\STM32F767ZITX_FLASH.ld" --specs=nosys.specs -Wl,-Map="LAB0.map" -Wl,--gc-sections -static --specs=nano.specs -mfpu=fpv5-d16 -mfloat-abi=hard -mthumb -Wl,--start-group -lc -lm -Wl,--end-group
Finished building target: LAB0.elf
 
arm-none-eabi-size   LAB0.elf 
arm-none-eabi-objdump -h -S  LAB0.elf  > "LAB0.list"
   text	   data	    bss	    dec	    hex	filename
   6504	     20	   1572	   8096	   1fa0	LAB0.elf
Finished building: default.size.stdout
 
Finished building: LAB0.list
 
14:42:11 **** Incremental Build of configuration Debug for project LAB0 ****
make -j12 all 
arm-none-eabi-size   LAB0.elf 
   text	   data	    bss	    dec	    hex	filename
   6504	     20	   1572	   8096	   1fa0	LAB0.elf
Finished building: default.size.stdout
 
14:45:30 **** Incremental Build of configuration Debug for project LAB0 ****
make -j12 all 
arm-none-eabi-size   LAB0.elf 
   text	   data	    bss	    dec	    hex	filename
   6504	     20	   1572	   8096	   1fa0	LAB0.elf
Finished building: default.size.stdout
 
16:14:26 **** Incremental Build of configuration Debug for project LAB0 ****
make -j12 all 
arm-none-eabi-gcc "../Core/Src/main.c" -mcpu=cortex-m7 -std=gnu11 -g3 -DDEBUG -DUSE_HAL_DRIVER -DSTM32F767xx -c -I../Core/Inc -I../Drivers/STM32F7xx_HAL_Driver/Inc -I../Drivers/STM32F7xx_HAL_Driver/Inc/Legacy -I../Drivers/CMSIS/Device/ST/STM32F7xx/Include -I../Drivers/CMSIS/Include -O0 -ffunction-sections -fdata-sections -Wall -fstack-usage -MMD -MP -MF"Core/Src/main.d" -MT"Core/Src/main.o" --specs=nano.specs -mfpu=fpv5-d16 -mfloat-abi=hard -mthumb -o "Core/Src/main.o"
arm-none-eabi-gcc -o "LAB0.elf" @"objects.list"   -mcpu=cortex-m7 -T"E:\MAD_Lab\Microcontroller\LAB0\STM32F767ZITX_FLASH.ld" --specs=nosys.specs -Wl,-Map="LAB0.map" -Wl,--gc-sections -static --specs=nano.specs -mfpu=fpv5-d16 -mfloat-abi=hard -mthumb -Wl,--start-group -lc -lm -Wl,--end-group
Finished building target: LAB0.elf
 
arm-none-eabi-size   LAB0.elf 
arm-none-eabi-objdump -h -S  LAB0.elf  > "LAB0.list"
   text	   data	    bss	    dec	    hex	filename
   6504	     20	   1572	   8096	   1fa0	LAB0.elf
Finished building: default.size.stdout
 
Finished building: LAB0.list
 
16:14:45 **** Incremental Build of configuration Debug for project LAB0 ****
make -j12 all 
arm-none-eabi-size   LAB0.elf 
   text	   data	    bss	    dec	    hex	filename
   6504	     20	   1572	   8096	   1fa0	LAB0.elf
Finished building: default.size.stdout
 
16:19:16 **** Incremental Build of configuration Debug for project LAB0 ****
make -j12 all 
arm-none-eabi-gcc "../Core/Src/main.c" -mcpu=cortex-m7 -std=gnu11 -g3 -DDEBUG -DUSE_HAL_DRIVER -DSTM32F767xx -c -I../Core/Inc -I../Drivers/STM32F7xx_HAL_Driver/Inc -I../Drivers/STM32F7xx_HAL_Driver/Inc/Legacy -I../Drivers/CMSIS/Device/ST/STM32F7xx/Include -I../Drivers/CMSIS/Include -O0 -ffunction-sections -fdata-sections -Wall -fstack-usage -MMD -MP -MF"Core/Src/main.d" -MT"Core/Src/main.o" --specs=nano.specs -mfpu=fpv5-d16 -mfloat-abi=hard -mthumb -o "Core/Src/main.o"
../Core/Src/main.c: In function 'main':
../Core/Src/main.c:102:29: error: 'GPIO_Pin_7' undeclared (first use in this function); did you mean 'GPIO_PIN_7'?
  102 |    HAL_GPIO_WritePin(GPIOB, GPIO_Pin_7, GPIO_PIN_SET);
      |                             ^~~~~~~~~~
      |                             GPIO_PIN_7
../Core/Src/main.c:102:29: note: each undeclared identifier is reported only once for each function it appears in
make: *** [Core/Src/subdir.mk:37: Core/Src/main.o] Error 1
"make -j12 all" terminated with exit code 2. Build might be incomplete.
16:19:38 **** Incremental Build of configuration Debug for project LAB0 ****
make -j12 all 
arm-none-eabi-gcc "../Core/Src/main.c" -mcpu=cortex-m7 -std=gnu11 -g3 -DDEBUG -DUSE_HAL_DRIVER -DSTM32F767xx -c -I../Core/Inc -I../Drivers/STM32F7xx_HAL_Driver/Inc -I../Drivers/STM32F7xx_HAL_Driver/Inc/Legacy -I../Drivers/CMSIS/Device/ST/STM32F7xx/Include -I../Drivers/CMSIS/Include -O0 -ffunction-sections -fdata-sections -Wall -fstack-usage -MMD -MP -MF"Core/Src/main.d" -MT"Core/Src/main.o" --specs=nano.specs -mfpu=fpv5-d16 -mfloat-abi=hard -mthumb -o "Core/Src/main.o"
arm-none-eabi-gcc -o "LAB0.elf" @"objects.list"   -mcpu=cortex-m7 -T"E:\MAD_Lab\Microcontroller\LAB0\STM32F767ZITX_FLASH.ld" --specs=nosys.specs -Wl,-Map="LAB0.map" -Wl,--gc-sections -static --specs=nano.specs -mfpu=fpv5-d16 -mfloat-abi=hard -mthumb -Wl,--start-group -lc -lm -Wl,--end-group
Finished building target: LAB0.elf
 
arm-none-eabi-size   LAB0.elf 
arm-none-eabi-objdump -h -S  LAB0.elf  > "LAB0.list"
   text	   data	    bss	    dec	    hex	filename
   6540	     20	   1572	   8132	   1fc4	LAB0.elf
Finished building: default.size.stdout
 
Finished building: LAB0.list
 
16:19:48 **** Incremental Build of configuration Debug for project LAB0 ****
make -j12 all 
arm-none-eabi-size   LAB0.elf 
   text	   data	    bss	    dec	    hex	filename
   6540	     20	   1572	   8132	   1fc4	LAB0.elf
Finished building: default.size.stdout
 
16:31:35 **** Incremental Build of configuration Debug for project LAB0 ****
make -j12 all 
arm-none-eabi-gcc "../Core/Src/main.c" -mcpu=cortex-m7 -std=gnu11 -g3 -DDEBUG -DUSE_HAL_DRIVER -DSTM32F767xx -c -I../Core/Inc -I../Drivers/STM32F7xx_HAL_Driver/Inc -I../Drivers/STM32F7xx_HAL_Driver/Inc/Legacy -I../Drivers/CMSIS/Device/ST/STM32F7xx/Include -I../Drivers/CMSIS/Include -O0 -ffunction-sections -fdata-sections -Wall -fstack-usage -MMD -MP -MF"Core/Src/main.d" -MT"Core/Src/main.o" --specs=nano.specs -mfpu=fpv5-d16 -mfloat-abi=hard -mthumb -o "Core/Src/main.o"
../Core/Src/main.c: In function 'main':
../Core/Src/main.c:104:29: error: 'GPIO_PIN0' undeclared (first use in this function); did you mean 'GPIO_PIN_0'?
  104 |    HAL_GPIO_WritePin(GPIOB, GPIO_PIN0, GPIO_PIN_SET)
      |                             ^~~~~~~~~
      |                             GPIO_PIN_0
../Core/Src/main.c:104:29: note: each undeclared identifier is reported only once for each function it appears in
../Core/Src/main.c:104:53: error: expected ';' before 'led0'
  104 |    HAL_GPIO_WritePin(GPIOB, GPIO_PIN0, GPIO_PIN_SET)
      |                                                     ^
      |                                                     ;
  105 |    led0 = 1 ;
      |    ~~~~                                              
../Core/Src/main.c:107:29: error: 'GPIO_Pin' undeclared (first use in this function); did you mean 'GPIO_PinState'?
  107 |    HAL_GPIO_WritePin(GPIOB, GPIO_Pin, GPIO_PIN_RESET);
      |                             ^~~~~~~~
      |                             GPIO_PinState
make: *** [Core/Src/subdir.mk:37: Core/Src/main.o] Error 1
"make -j12 all" terminated with exit code 2. Build might be incomplete.
16:31:54 **** Incremental Build of configuration Debug for project LAB0 ****
make -j12 all 
arm-none-eabi-gcc "../Core/Src/main.c" -mcpu=cortex-m7 -std=gnu11 -g3 -DDEBUG -DUSE_HAL_DRIVER -DSTM32F767xx -c -I../Core/Inc -I../Drivers/STM32F7xx_HAL_Driver/Inc -I../Drivers/STM32F7xx_HAL_Driver/Inc/Legacy -I../Drivers/CMSIS/Device/ST/STM32F7xx/Include -I../Drivers/CMSIS/Include -O0 -ffunction-sections -fdata-sections -Wall -fstack-usage -MMD -MP -MF"Core/Src/main.d" -MT"Core/Src/main.o" --specs=nano.specs -mfpu=fpv5-d16 -mfloat-abi=hard -mthumb -o "Core/Src/main.o"
../Core/Src/main.c: In function 'main':
../Core/Src/main.c:104:54: error: expected ';' before 'led0'
  104 |    HAL_GPIO_WritePin(GPIOB, GPIO_PIN_0, GPIO_PIN_SET)
      |                                                      ^
      |                                                      ;
  105 |    led0 = 1 ;
      |    ~~~~                                               
make: *** [Core/Src/subdir.mk:37: Core/Src/main.o] Error 1
"make -j12 all" terminated with exit code 2. Build might be incomplete.
16:32:03 **** Incremental Build of configuration Debug for project LAB0 ****
make -j12 all 
arm-none-eabi-gcc "../Core/Src/main.c" -mcpu=cortex-m7 -std=gnu11 -g3 -DDEBUG -DUSE_HAL_DRIVER -DSTM32F767xx -c -I../Core/Inc -I../Drivers/STM32F7xx_HAL_Driver/Inc -I../Drivers/STM32F7xx_HAL_Driver/Inc/Legacy -I../Drivers/CMSIS/Device/ST/STM32F7xx/Include -I../Drivers/CMSIS/Include -O0 -ffunction-sections -fdata-sections -Wall -fstack-usage -MMD -MP -MF"Core/Src/main.d" -MT"Core/Src/main.o" --specs=nano.specs -mfpu=fpv5-d16 -mfloat-abi=hard -mthumb -o "Core/Src/main.o"
arm-none-eabi-gcc -o "LAB0.elf" @"objects.list"   -mcpu=cortex-m7 -T"E:\MAD_Lab\Microcontroller\LAB0\STM32F767ZITX_FLASH.ld" --specs=nosys.specs -Wl,-Map="LAB0.map" -Wl,--gc-sections -static --specs=nano.specs -mfpu=fpv5-d16 -mfloat-abi=hard -mthumb -Wl,--start-group -lc -lm -Wl,--end-group
Finished building target: LAB0.elf
 
arm-none-eabi-size   LAB0.elf 
arm-none-eabi-objdump -h -S  LAB0.elf  > "LAB0.list"
   text	   data	    bss	    dec	    hex	filename
   6548	     20	   1572	   8140	   1fcc	LAB0.elf
Finished building: default.size.stdout
 
Finished building: LAB0.list
 
16:32:17 **** Incremental Build of configuration Debug for project LAB0 ****
make -j12 all 
arm-none-eabi-size   LAB0.elf 
   text	   data	    bss	    dec	    hex	filename
   6548	     20	   1572	   8140	   1fcc	LAB0.elf
Finished building: default.size.stdout
 
16:32:41 **** Incremental Build of configuration Debug for project LAB0 ****
make -j12 all 
arm-none-eabi-size   LAB0.elf 
   text	   data	    bss	    dec	    hex	filename
   6548	     20	   1572	   8140	   1fcc	LAB0.elf
Finished building: default.size.stdout
 
16:36:19 **** Incremental Build of configuration Debug for project LAB0 ****
make -j12 all 
arm-none-eabi-size   LAB0.elf 
   text	   data	    bss	    dec	    hex	filename
   6548	     20	   1572	   8140	   1fcc	LAB0.elf
Finished building: default.size.stdout
 
16:42:48 **** Incremental Build of configuration Debug for project LAB0 ****
make -j12 all 
arm-none-eabi-gcc "../Core/Src/main.c" -mcpu=cortex-m7 -std=gnu11 -g3 -DDEBUG -DUSE_HAL_DRIVER -DSTM32F767xx -c -I../Core/Inc -I../Drivers/STM32F7xx_HAL_Driver/Inc -I../Drivers/STM32F7xx_HAL_Driver/Inc/Legacy -I../Drivers/CMSIS/Device/ST/STM32F7xx/Include -I../Drivers/CMSIS/Include -O0 -ffunction-sections -fdata-sections -Wall -fstack-usage -MMD -MP -MF"Core/Src/main.d" -MT"Core/Src/main.o" --specs=nano.specs -mfpu=fpv5-d16 -mfloat-abi=hard -mthumb -o "Core/Src/main.o"
arm-none-eabi-gcc -o "LAB0.elf" @"objects.list"   -mcpu=cortex-m7 -T"E:\MAD_Lab\Microcontroller\LAB0\STM32F767ZITX_FLASH.ld" --specs=nosys.specs -Wl,-Map="LAB0.map" -Wl,--gc-sections -static --specs=nano.specs -mfpu=fpv5-d16 -mfloat-abi=hard -mthumb -Wl,--start-group -lc -lm -Wl,--end-group
Finished building target: LAB0.elf
 
arm-none-eabi-size   LAB0.elf 
arm-none-eabi-objdump -h -S  LAB0.elf  > "LAB0.list"
   text	   data	    bss	    dec	    hex	filename
   6548	     20	   1572	   8140	   1fcc	LAB0.elf
Finished building: default.size.stdout
 
Finished building: LAB0.list
 
16:42:57 **** Incremental Build of configuration Debug for project LAB0 ****
make -j12 all 
arm-none-eabi-size   LAB0.elf 
   text	   data	    bss	    dec	    hex	filename
   6548	     20	   1572	   8140	   1fcc	LAB0.elf
Finished building: default.size.stdout
 
16:43:13 **** Incremental Build of configuration Debug for project LAB0 ****
make -j12 all 
arm-none-eabi-size   LAB0.elf 
   text	   data	    bss	    dec	    hex	filename
   6548	     20	   1572	   8140	   1fcc	LAB0.elf
Finished building: default.size.stdout
 
00:24:37 **** Incremental Build of configuration Debug for project LAB0 ****
make -j12 all 
arm-none-eabi-gcc "../Core/Src/gpio.c" -mcpu=cortex-m7 -std=gnu11 -g3 -DDEBUG -DUSE_HAL_DRIVER -DSTM32F767xx -c -I../Core/Inc -I../Drivers/STM32F7xx_HAL_Driver/Inc -I../Drivers/STM32F7xx_HAL_Driver/Inc/Legacy -I../Drivers/CMSIS/Device/ST/STM32F7xx/Include -I../Drivers/CMSIS/Include -O0 -ffunction-sections -fdata-sections -Wall -fstack-usage -MMD -MP -MF"Core/Src/gpio.d" -MT"Core/Src/gpio.o" --specs=nano.specs -mfpu=fpv5-d16 -mfloat-abi=hard -mthumb -o "Core/Src/gpio.o"
arm-none-eabi-gcc "../Core/Src/main.c" -mcpu=cortex-m7 -std=gnu11 -g3 -DDEBUG -DUSE_HAL_DRIVER -DSTM32F767xx -c -I../Core/Inc -I../Drivers/STM32F7xx_HAL_Driver/Inc -I../Drivers/STM32F7xx_HAL_Driver/Inc/Legacy -I../Drivers/CMSIS/Device/ST/STM32F7xx/Include -I../Drivers/CMSIS/Include -O0 -ffunction-sections -fdata-sections -Wall -fstack-usage -MMD -MP -MF"Core/Src/main.d" -MT"Core/Src/main.o" --specs=nano.specs -mfpu=fpv5-d16 -mfloat-abi=hard -mthumb -o "Core/Src/main.o"
arm-none-eabi-gcc -o "LAB0.elf" @"objects.list"   -mcpu=cortex-m7 -T"E:\MAD_Lab\Microcontroller\LAB0\STM32F767ZITX_FLASH.ld" --specs=nosys.specs -Wl,-Map="LAB0.map" -Wl,--gc-sections -static --specs=nano.specs -mfpu=fpv5-d16 -mfloat-abi=hard -mthumb -Wl,--start-group -lc -lm -Wl,--end-group
Finished building target: LAB0.elf
 
arm-none-eabi-size   LAB0.elf 
arm-none-eabi-objdump -h -S  LAB0.elf  > "LAB0.list"
   text	   data	    bss	    dec	    hex	filename
   6308	     20	   1572	   7900	   1edc	LAB0.elf
Finished building: default.size.stdout
 
Finished building: LAB0.list
 
00:24:50 **** Incremental Build of configuration Debug for project LAB0 ****
make -j12 all 
arm-none-eabi-size   LAB0.elf 
   text	   data	    bss	    dec	    hex	filename
   6308	     20	   1572	   7900	   1edc	LAB0.elf
Finished building: default.size.stdout
 
00:25:23 **** Incremental Build of configuration Debug for project LAB0 ****
make -j12 all 
arm-none-eabi-gcc "../Core/Src/main.c" -mcpu=cortex-m7 -std=gnu11 -g3 -DDEBUG -DUSE_HAL_DRIVER -DSTM32F767xx -c -I../Core/Inc -I../Drivers/STM32F7xx_HAL_Driver/Inc -I../Drivers/STM32F7xx_HAL_Driver/Inc/Legacy -I../Drivers/CMSIS/Device/ST/STM32F7xx/Include -I../Drivers/CMSIS/Include -O0 -ffunction-sections -fdata-sections -Wall -fstack-usage -MMD -MP -MF"Core/Src/main.d" -MT"Core/Src/main.o" --specs=nano.specs -mfpu=fpv5-d16 -mfloat-abi=hard -mthumb -o "Core/Src/main.o"
arm-none-eabi-gcc -o "LAB0.elf" @"objects.list"   -mcpu=cortex-m7 -T"E:\MAD_Lab\Microcontroller\LAB0\STM32F767ZITX_FLASH.ld" --specs=nosys.specs -Wl,-Map="LAB0.map" -Wl,--gc-sections -static --specs=nano.specs -mfpu=fpv5-d16 -mfloat-abi=hard -mthumb -Wl,--start-group -lc -lm -Wl,--end-group
Finished building target: LAB0.elf
 
arm-none-eabi-size   LAB0.elf 
arm-none-eabi-objdump -h -S  LAB0.elf  > "LAB0.list"
   text	   data	    bss	    dec	    hex	filename
   6312	     20	   1572	   7904	   1ee0	LAB0.elf
Finished building: default.size.stdout
 
Finished building: LAB0.list
 
00:25:27 **** Incremental Build of configuration Debug for project LAB0 ****
make -j12 all 
arm-none-eabi-size   LAB0.elf 
   text	   data	    bss	    dec	    hex	filename
   6312	     20	   1572	   7904	   1ee0	LAB0.elf
Finished building: default.size.stdout
 
00:27:53 **** Incremental Build of configuration Debug for project LAB0 ****
make -j12 all 
arm-none-eabi-gcc "../Core/Src/main.c" -mcpu=cortex-m7 -std=gnu11 -g3 -DDEBUG -DUSE_HAL_DRIVER -DSTM32F767xx -c -I../Core/Inc -I../Drivers/STM32F7xx_HAL_Driver/Inc -I../Drivers/STM32F7xx_HAL_Driver/Inc/Legacy -I../Drivers/CMSIS/Device/ST/STM32F7xx/Include -I../Drivers/CMSIS/Include -O0 -ffunction-sections -fdata-sections -Wall -fstack-usage -MMD -MP -MF"Core/Src/main.d" -MT"Core/Src/main.o" --specs=nano.specs -mfpu=fpv5-d16 -mfloat-abi=hard -mthumb -o "Core/Src/main.o"
arm-none-eabi-gcc -o "LAB0.elf" @"objects.list"   -mcpu=cortex-m7 -T"E:\MAD_Lab\Microcontroller\LAB0\STM32F767ZITX_FLASH.ld" --specs=nosys.specs -Wl,-Map="LAB0.map" -Wl,--gc-sections -static --specs=nano.specs -mfpu=fpv5-d16 -mfloat-abi=hard -mthumb -Wl,--start-group -lc -lm -Wl,--end-group
Finished building target: LAB0.elf
 
arm-none-eabi-size   LAB0.elf 
arm-none-eabi-objdump -h -S  LAB0.elf  > "LAB0.list"
   text	   data	    bss	    dec	    hex	filename
   6392	     20	   1572	   7984	   1f30	LAB0.elf
Finished building: default.size.stdout
 
Finished building: LAB0.list
 
00:28:01 **** Incremental Build of configuration Debug for project LAB0 ****
make -j12 all 
arm-none-eabi-size   LAB0.elf 
   text	   data	    bss	    dec	    hex	filename
   6392	     20	   1572	   7984	   1f30	LAB0.elf
Finished building: default.size.stdout
 
00:28:50 **** Incremental Build of configuration Debug for project LAB0 ****
make -j12 all 
arm-none-eabi-gcc "../Core/Src/main.c" -mcpu=cortex-m7 -std=gnu11 -g3 -DDEBUG -DUSE_HAL_DRIVER -DSTM32F767xx -c -I../Core/Inc -I../Drivers/STM32F7xx_HAL_Driver/Inc -I../Drivers/STM32F7xx_HAL_Driver/Inc/Legacy -I../Drivers/CMSIS/Device/ST/STM32F7xx/Include -I../Drivers/CMSIS/Include -O0 -ffunction-sections -fdata-sections -Wall -fstack-usage -MMD -MP -MF"Core/Src/main.d" -MT"Core/Src/main.o" --specs=nano.specs -mfpu=fpv5-d16 -mfloat-abi=hard -mthumb -o "Core/Src/main.o"
arm-none-eabi-gcc -o "LAB0.elf" @"objects.list"   -mcpu=cortex-m7 -T"E:\MAD_Lab\Microcontroller\LAB0\STM32F767ZITX_FLASH.ld" --specs=nosys.specs -Wl,-Map="LAB0.map" -Wl,--gc-sections -static --specs=nano.specs -mfpu=fpv5-d16 -mfloat-abi=hard -mthumb -Wl,--start-group -lc -lm -Wl,--end-group
Finished building target: LAB0.elf
 
arm-none-eabi-size   LAB0.elf 
arm-none-eabi-objdump -h -S  LAB0.elf  > "LAB0.list"
   text	   data	    bss	    dec	    hex	filename
   6168	     20	   1572	   7760	   1e50	LAB0.elf
Finished building: default.size.stdout
 
Finished building: LAB0.list
 
00:29:16 **** Incremental Build of configuration Debug for project LAB0 ****
make -j12 all 
arm-none-eabi-gcc "../Core/Src/main.c" -mcpu=cortex-m7 -std=gnu11 -g3 -DDEBUG -DUSE_HAL_DRIVER -DSTM32F767xx -c -I../Core/Inc -I../Drivers/STM32F7xx_HAL_Driver/Inc -I../Drivers/STM32F7xx_HAL_Driver/Inc/Legacy -I../Drivers/CMSIS/Device/ST/STM32F7xx/Include -I../Drivers/CMSIS/Include -O0 -ffunction-sections -fdata-sections -Wall -fstack-usage -MMD -MP -MF"Core/Src/main.d" -MT"Core/Src/main.o" --specs=nano.specs -mfpu=fpv5-d16 -mfloat-abi=hard -mthumb -o "Core/Src/main.o"
arm-none-eabi-gcc -o "LAB0.elf" @"objects.list"   -mcpu=cortex-m7 -T"E:\MAD_Lab\Microcontroller\LAB0\STM32F767ZITX_FLASH.ld" --specs=nosys.specs -Wl,-Map="LAB0.map" -Wl,--gc-sections -static --specs=nano.specs -mfpu=fpv5-d16 -mfloat-abi=hard -mthumb -Wl,--start-group -lc -lm -Wl,--end-group
Finished building target: LAB0.elf
 
arm-none-eabi-size   LAB0.elf 
arm-none-eabi-objdump -h -S  LAB0.elf  > "LAB0.list"
   text	   data	    bss	    dec	    hex	filename
   6208	     20	   1572	   7800	   1e78	LAB0.elf
Finished building: default.size.stdout
 
Finished building: LAB0.list
 
00:34:13 **** Incremental Build of configuration Debug for project LAB0 ****
make -j12 all 
arm-none-eabi-gcc "../Core/Src/main.c" -mcpu=cortex-m7 -std=gnu11 -g3 -DDEBUG -DUSE_HAL_DRIVER -DSTM32F767xx -c -I../Core/Inc -I../Drivers/STM32F7xx_HAL_Driver/Inc -I../Drivers/STM32F7xx_HAL_Driver/Inc/Legacy -I../Drivers/CMSIS/Device/ST/STM32F7xx/Include -I../Drivers/CMSIS/Include -O0 -ffunction-sections -fdata-sections -Wall -fstack-usage -MMD -MP -MF"Core/Src/main.d" -MT"Core/Src/main.o" --specs=nano.specs -mfpu=fpv5-d16 -mfloat-abi=hard -mthumb -o "Core/Src/main.o"
arm-none-eabi-gcc -o "LAB0.elf" @"objects.list"   -mcpu=cortex-m7 -T"E:\MAD_Lab\Microcontroller\LAB0\STM32F767ZITX_FLASH.ld" --specs=nosys.specs -Wl,-Map="LAB0.map" -Wl,--gc-sections -static --specs=nano.specs -mfpu=fpv5-d16 -mfloat-abi=hard -mthumb -Wl,--start-group -lc -lm -Wl,--end-group
Finished building target: LAB0.elf
 
arm-none-eabi-size   LAB0.elf 
arm-none-eabi-objdump -h -S  LAB0.elf  > "LAB0.list"
   text	   data	    bss	    dec	    hex	filename
   6408	     20	   1572	   8000	   1f40	LAB0.elf
Finished building: default.size.stdout
 
Finished building: LAB0.list
 
00:34:18 **** Incremental Build of configuration Debug for project LAB0 ****
make -j12 all 
arm-none-eabi-size   LAB0.elf 
   text	   data	    bss	    dec	    hex	filename
   6408	     20	   1572	   8000	   1f40	LAB0.elf
Finished building: default.size.stdout
 
00:34:44 **** Incremental Build of configuration Debug for project LAB0 ****
make -j12 all 
arm-none-eabi-size   LAB0.elf 
   text	   data	    bss	    dec	    hex	filename
   6408	     20	   1572	   8000	   1f40	LAB0.elf
Finished building: default.size.stdout
 
00:39:28 **** Incremental Build of configuration Debug for project LAB0 ****
make -j12 all 
arm-none-eabi-gcc "../Core/Src/main.c" -mcpu=cortex-m7 -std=gnu11 -g3 -DDEBUG -DUSE_HAL_DRIVER -DSTM32F767xx -c -I../Core/Inc -I../Drivers/STM32F7xx_HAL_Driver/Inc -I../Drivers/STM32F7xx_HAL_Driver/Inc/Legacy -I../Drivers/CMSIS/Device/ST/STM32F7xx/Include -I../Drivers/CMSIS/Include -O0 -ffunction-sections -fdata-sections -Wall -fstack-usage -MMD -MP -MF"Core/Src/main.d" -MT"Core/Src/main.o" --specs=nano.specs -mfpu=fpv5-d16 -mfloat-abi=hard -mthumb -o "Core/Src/main.o"
arm-none-eabi-gcc -o "LAB0.elf" @"objects.list"   -mcpu=cortex-m7 -T"E:\MAD_Lab\Microcontroller\LAB0\STM32F767ZITX_FLASH.ld" --specs=nosys.specs -Wl,-Map="LAB0.map" -Wl,--gc-sections -static --specs=nano.specs -mfpu=fpv5-d16 -mfloat-abi=hard -mthumb -Wl,--start-group -lc -lm -Wl,--end-group
Finished building target: LAB0.elf
 
arm-none-eabi-size   LAB0.elf 
arm-none-eabi-objdump -h -S  LAB0.elf  > "LAB0.list"
   text	   data	    bss	    dec	    hex	filename
   6708	     20	   1572	   8300	   206c	LAB0.elf
Finished building: default.size.stdout
 
Finished building: LAB0.list
 
00:39:31 **** Incremental Build of configuration Debug for project LAB0 ****
make -j12 all 
arm-none-eabi-size   LAB0.elf 
   text	   data	    bss	    dec	    hex	filename
   6708	     20	   1572	   8300	   206c	LAB0.elf
Finished building: default.size.stdout
 
00:40:39 **** Incremental Build of configuration Debug for project LAB0 ****
make -j12 all 
arm-none-eabi-gcc "../Core/Src/main.c" -mcpu=cortex-m7 -std=gnu11 -g3 -DDEBUG -DUSE_HAL_DRIVER -DSTM32F767xx -c -I../Core/Inc -I../Drivers/STM32F7xx_HAL_Driver/Inc -I../Drivers/STM32F7xx_HAL_Driver/Inc/Legacy -I../Drivers/CMSIS/Device/ST/STM32F7xx/Include -I../Drivers/CMSIS/Include -O0 -ffunction-sections -fdata-sections -Wall -fstack-usage -MMD -MP -MF"Core/Src/main.d" -MT"Core/Src/main.o" --specs=nano.specs -mfpu=fpv5-d16 -mfloat-abi=hard -mthumb -o "Core/Src/main.o"
arm-none-eabi-gcc -o "LAB0.elf" @"objects.list"   -mcpu=cortex-m7 -T"E:\MAD_Lab\Microcontroller\LAB0\STM32F767ZITX_FLASH.ld" --specs=nosys.specs -Wl,-Map="LAB0.map" -Wl,--gc-sections -static --specs=nano.specs -mfpu=fpv5-d16 -mfloat-abi=hard -mthumb -Wl,--start-group -lc -lm -Wl,--end-group
Finished building target: LAB0.elf
 
arm-none-eabi-size   LAB0.elf 
arm-none-eabi-objdump -h -S  LAB0.elf  > "LAB0.list"
   text	   data	    bss	    dec	    hex	filename
   6708	     20	   1572	   8300	   206c	LAB0.elf
Finished building: default.size.stdout
 
Finished building: LAB0.list
 
00:41:35 **** Incremental Build of configuration Debug for project LAB0 ****
make -j12 all 
arm-none-eabi-size   LAB0.elf 
   text	   data	    bss	    dec	    hex	filename
   6708	     20	   1572	   8300	   206c	LAB0.elf
Finished building: default.size.stdout
 
00:42:15 **** Incremental Build of configuration Debug for project LAB0 ****
make -j12 all 
arm-none-eabi-gcc "../Core/Src/main.c" -mcpu=cortex-m7 -std=gnu11 -g3 -DDEBUG -DUSE_HAL_DRIVER -DSTM32F767xx -c -I../Core/Inc -I../Drivers/STM32F7xx_HAL_Driver/Inc -I../Drivers/STM32F7xx_HAL_Driver/Inc/Legacy -I../Drivers/CMSIS/Device/ST/STM32F7xx/Include -I../Drivers/CMSIS/Include -O0 -ffunction-sections -fdata-sections -Wall -fstack-usage -MMD -MP -MF"Core/Src/main.d" -MT"Core/Src/main.o" --specs=nano.specs -mfpu=fpv5-d16 -mfloat-abi=hard -mthumb -o "Core/Src/main.o"
arm-none-eabi-gcc -o "LAB0.elf" @"objects.list"   -mcpu=cortex-m7 -T"E:\MAD_Lab\Microcontroller\LAB0\STM32F767ZITX_FLASH.ld" --specs=nosys.specs -Wl,-Map="LAB0.map" -Wl,--gc-sections -static --specs=nano.specs -mfpu=fpv5-d16 -mfloat-abi=hard -mthumb -Wl,--start-group -lc -lm -Wl,--end-group
Finished building target: LAB0.elf
 
arm-none-eabi-size   LAB0.elf 
arm-none-eabi-objdump -h -S  LAB0.elf  > "LAB0.list"
   text	   data	    bss	    dec	    hex	filename
   6708	     20	   1572	   8300	   206c	LAB0.elf
Finished building: default.size.stdout
 
Finished building: LAB0.list
 
00:43:06 **** Incremental Build of configuration Debug for project LAB0 ****
make -j12 all 
arm-none-eabi-gcc "../Core/Src/main.c" -mcpu=cortex-m7 -std=gnu11 -g3 -DDEBUG -DUSE_HAL_DRIVER -DSTM32F767xx -c -I../Core/Inc -I../Drivers/STM32F7xx_HAL_Driver/Inc -I../Drivers/STM32F7xx_HAL_Driver/Inc/Legacy -I../Drivers/CMSIS/Device/ST/STM32F7xx/Include -I../Drivers/CMSIS/Include -O0 -ffunction-sections -fdata-sections -Wall -fstack-usage -MMD -MP -MF"Core/Src/main.d" -MT"Core/Src/main.o" --specs=nano.specs -mfpu=fpv5-d16 -mfloat-abi=hard -mthumb -o "Core/Src/main.o"
arm-none-eabi-gcc -o "LAB0.elf" @"objects.list"   -mcpu=cortex-m7 -T"E:\MAD_Lab\Microcontroller\LAB0\STM32F767ZITX_FLASH.ld" --specs=nosys.specs -Wl,-Map="LAB0.map" -Wl,--gc-sections -static --specs=nano.specs -mfpu=fpv5-d16 -mfloat-abi=hard -mthumb -Wl,--start-group -lc -lm -Wl,--end-group
Finished building target: LAB0.elf
 
arm-none-eabi-size   LAB0.elf 
arm-none-eabi-objdump -h -S  LAB0.elf  > "LAB0.list"
   text	   data	    bss	    dec	    hex	filename
   6708	     20	   1572	   8300	   206c	LAB0.elf
Finished building: default.size.stdout
 
Finished building: LAB0.list
 
00:43:48 **** Incremental Build of configuration Debug for project LAB0 ****
make -j12 all 
arm-none-eabi-gcc "../Core/Src/main.c" -mcpu=cortex-m7 -std=gnu11 -g3 -DDEBUG -DUSE_HAL_DRIVER -DSTM32F767xx -c -I../Core/Inc -I../Drivers/STM32F7xx_HAL_Driver/Inc -I../Drivers/STM32F7xx_HAL_Driver/Inc/Legacy -I../Drivers/CMSIS/Device/ST/STM32F7xx/Include -I../Drivers/CMSIS/Include -O0 -ffunction-sections -fdata-sections -Wall -fstack-usage -MMD -MP -MF"Core/Src/main.d" -MT"Core/Src/main.o" --specs=nano.specs -mfpu=fpv5-d16 -mfloat-abi=hard -mthumb -o "Core/Src/main.o"
arm-none-eabi-gcc -o "LAB0.elf" @"objects.list"   -mcpu=cortex-m7 -T"E:\MAD_Lab\Microcontroller\LAB0\STM32F767ZITX_FLASH.ld" --specs=nosys.specs -Wl,-Map="LAB0.map" -Wl,--gc-sections -static --specs=nano.specs -mfpu=fpv5-d16 -mfloat-abi=hard -mthumb -Wl,--start-group -lc -lm -Wl,--end-group
Finished building target: LAB0.elf
 
arm-none-eabi-size   LAB0.elf 
arm-none-eabi-objdump -h -S  LAB0.elf  > "LAB0.list"
   text	   data	    bss	    dec	    hex	filename
   6708	     20	   1572	   8300	   206c	LAB0.elf
Finished building: default.size.stdout
 
Finished building: LAB0.list
 
00:44:52 **** Incremental Build of configuration Debug for project LAB0 ****
make -j12 all 
arm-none-eabi-size   LAB0.elf 
   text	   data	    bss	    dec	    hex	filename
   6708	     20	   1572	   8300	   206c	LAB0.elf
Finished building: default.size.stdout
 
